[colorlib.com/preview/theme/klift/index.html]
[backblue.gif]
[fade.gif]
[index.html]
[colorlib.com/preview/theme/klift/css/open-iconic-bootstrap.min.css]
[colorlib.com/preview/theme/klift/css/animate.css]
[colorlib.com/preview/theme/klift/css/owl.carousel.min.css]
[colorlib.com/preview/theme/klift/css/owl.theme.default.min.css]
[colorlib.com/preview/theme/klift/css/magnific-popup.css]
[colorlib.com/preview/theme/klift/css/aos.css]
[colorlib.com/preview/theme/klift/css/ionicons.min.css]
[colorlib.com/preview/theme/klift/css/bootstrap-datepicker.css]
[colorlib.com/preview/theme/klift/css/jquery.timepicker.css]
[colorlib.com/preview/theme/klift/css/flaticon.css]
[colorlib.com/preview/theme/klift/css/icomoon.css]
[colorlib.com/preview/theme/klift/css/style.css]
[colorlib.com/preview/theme/klift/about.html]
[colorlib.com/preview/theme/klift/project.html]
[colorlib.com/preview/theme/klift/services.html]
[colorlib.com/preview/theme/klift/blog.html]
[colorlib.com/preview/theme/klift/contact.html]
[colorlib.com/preview/theme/klift/images/bg_1.jpg]
[colorlib.com/preview/theme/klift/images/bg_2.jpg]
[colorlib.com/preview/theme/klift/images/about.jpg]
[colorlib.com/preview/theme/klift/images/bg_3.jpg]
[colorlib.com/preview/theme/klift/images/work-1.jpg]
[colorlib.com/preview/theme/klift/images/work-2.jpg]
[colorlib.com/preview/theme/klift/images/work-3.jpg]
[colorlib.com/preview/theme/klift/images/work-4.jpg]
[colorlib.com/preview/theme/klift/images/person_1.jpg]
[colorlib.com/preview/theme/klift/images/person_2.jpg]
[colorlib.com/preview/theme/klift/images/person_3.jpg]
[colorlib.com/preview/theme/klift/images/staff-1.jpg]
[colorlib.com/preview/theme/klift/images/staff-2.jpg]
[colorlib.com/preview/theme/klift/images/staff-3.jpg]
[colorlib.com/preview/theme/klift/images/staff-4.jpg]
[colorlib.com/preview/theme/klift/blog-single.html]
[colorlib.com/preview/theme/klift/images/image_1.jpg]
[colorlib.com/preview/theme/klift/images/image_2.jpg]
[colorlib.com/preview/theme/klift/images/image_3.jpg]
[colorlib.com/preview/theme/klift/images/img.jpg]
[colorlib.com/cdn-cgi/scripts/5c5dd728/cloudflare-static/email-decode.min.js]
[colorlib.com/preview/theme/klift/js/jquery.min.js]
[colorlib.com/preview/theme/klift/js/jquery-migrate-3.0.1.min.js]
[colorlib.com/preview/theme/klift/js/popper.min.js]
[colorlib.com/preview/theme/klift/js/bootstrap.min.js]
[colorlib.com/preview/theme/klift/js/jquery.easing.1.3.js]
[colorlib.com/preview/theme/klift/js/jquery.waypoints.min.js]
[colorlib.com/preview/theme/klift/js/jquery.stellar.min.js]
[colorlib.com/preview/theme/klift/js/owl.carousel.min.js]
[colorlib.com/preview/theme/klift/js/jquery.magnific-popup.min.js]
[colorlib.com/preview/theme/klift/js/aos.js]
[colorlib.com/preview/theme/klift/js/jquery.animateNumber.min.js]
[colorlib.com/preview/theme/klift/js/bootstrap-datepicker.js]
[colorlib.com/preview/theme/klift/js/jquery.timepicker.min.js]
[colorlib.com/preview/theme/klift/js/scrollax.min.js]
[colorlib.com/preview/theme/klift/js/google-map.js]
[colorlib.com/preview/theme/klift/js/main.js]
[colorlib.com/preview/theme/klift/index.html]
[ajax.cloudflare.com/cdn-cgi/scripts/7089c43e/cloudflare-static/rocket-loader.min.js]
[colorlib.com/preview/theme/klift/fonts/open-iconic/open-iconic.eot]
[colorlib.com/preview/theme/klift/fonts/open-iconic/open-iconicd41d.eot]
[colorlib.com/preview/theme/klift/fonts/open-iconic/open-iconic.woff]
[colorlib.com/preview/theme/klift/fonts/open-iconic/open-iconic.ttf]
[colorlib.com/preview/theme/klift/fonts/open-iconic/open-iconic.otf]
[colorlib.com/preview/theme/klift/css/open-iconic-bootstrap.min.css]
[colorlib.com/preview/theme/klift/css/animate.css]
[colorlib.com/preview/theme/klift/fonts/open-iconic/open-iconic.svg]
[colorlib.com/preview/theme/klift/css/owl.video.play.png]
[colorlib.com/preview/theme/klift/css/owl.carousel.min.css]
[colorlib.com/preview/theme/klift/css/owl.theme.default.min.css]
[colorlib.com/preview/theme/klift/css/magnific-popup.css]
[colorlib.com/preview/theme/klift/css/aos.css]
[colorlib.com/preview/theme/klift/fonts/ionicons/fonts/ionicons580c.eot]
[colorlib.com/preview/theme/klift/fonts/ionicons/fonts/ionicons580c.woff2]
[colorlib.com/preview/theme/klift/fonts/ionicons/fonts/ionicons580c.woff]
[colorlib.com/preview/theme/klift/fonts/ionicons/fonts/ionicons580c.ttf]
[colorlib.com/preview/theme/klift/css/ionicons.min.css]
[colorlib.com/preview/theme/klift/css/bootstrap-datepicker.css]
[colorlib.com/preview/theme/klift/css/jquery.timepicker.css]
[colorlib.com/preview/theme/klift/fonts/ionicons/fonts/ionicons580c.svg]
[colorlib.com/preview/theme/klift/fonts/flaticon/font/Flaticon.eot]
[colorlib.com/preview/theme/klift/fonts/flaticon/font/Flaticond41d.eot]
[colorlib.com/preview/theme/klift/fonts/flaticon/font/Flaticon.woff]
[colorlib.com/preview/theme/klift/fonts/flaticon/font/Flaticon.ttf]
[colorlib.com/preview/theme/klift/css/flaticon.css]
[colorlib.com/preview/theme/klift/fonts/flaticon/font/Flaticon.svg]
[colorlib.com/preview/theme/klift/fonts/icomoon/icomoonccfb.eot]
[colorlib.com/preview/theme/klift/fonts/icomoon/icomoonccfb.ttf]
[colorlib.com/preview/theme/klift/fonts/icomoon/icomoonccfb.woff]
[colorlib.com/preview/theme/klift/css/icomoon.css]
[colorlib.com/preview/theme/klift/css/style.css]
[colorlib.com/preview/theme/klift/about.html]
[colorlib.com/preview/theme/klift/fonts/icomoon/icomoonccfb.svg]
[colorlib.com/preview/theme/klift/images/work-5.jpg]
[colorlib.com/preview/theme/klift/images/work-6.jpg]
[colorlib.com/preview/theme/klift/images/work-7.jpg]
[colorlib.com/preview/theme/klift/images/work-8.jpg]
[colorlib.com/preview/theme/klift/project.html]
[colorlib.com/preview/theme/klift/services.html]
[colorlib.com/preview/theme/klift/images/image_4.jpg]
[colorlib.com/preview/theme/klift/images/image_5.jpg]
[colorlib.com/preview/theme/klift/images/image_6.jpg]
[colorlib.com/preview/theme/klift/blog.html]
[colorlib.com/preview/theme/klift/contact.html]
[colorlib.com/preview/theme/klift/blog-single.html]
[colorlib.com/preview/theme/klift/js/jquery.timepicker.min.html]
[colorlib.com/preview/theme/klift/fonts/open-iconic/open-iconic.svg]
[colorlib.com/preview/theme/klift/css/owl.video.play.html]
[colorlib.com/preview/theme/klift/fonts/ionicons/fonts/ionicons580c.svg]
[colorlib.com/preview/theme/klift/fonts/flaticon/font/Flaticon.svg]
[colorlib.com/preview/theme/klift/fonts/icomoon/icomoonccfb.svg]
