[colorlib.com/preview/theme/loaft/index.html]
[colorlib.com/preview/theme/loaft/img/favicon.png]
[backblue.gif]
[fade.gif]
[index.html]
[colorlib.com/preview/theme/loaft/css/bootstrap.css]
[colorlib.com/preview/theme/loaft/vendors/linericon/style.css]
[colorlib.com/preview/theme/loaft/css/font-awesome.min.css]
[colorlib.com/preview/theme/loaft/vendors/owl-carousel/owl.carousel.min.css]
[colorlib.com/preview/theme/loaft/vendors/nice-select/css/nice-select.css]
[colorlib.com/preview/theme/loaft/vendors/animate-css/animate.css]
[colorlib.com/preview/theme/loaft/vendors/popup/magnific-popup.css]
[colorlib.com/preview/theme/loaft/vendors/swiper/css/swiper.min.css]
[colorlib.com/preview/theme/loaft/vendors/scroll/jquery.mCustomScrollbar.css]
[colorlib.com/preview/theme/loaft/css/style.css]
[colorlib.com/preview/theme/loaft/about-us.html]
[colorlib.com/preview/theme/loaft/project.html]
[colorlib.com/preview/theme/loaft/project-details.html]
[colorlib.com/preview/theme/loaft/service.html]
[colorlib.com/preview/theme/loaft/elements.html]
[colorlib.com/preview/theme/loaft/blog.html]
[colorlib.com/preview/theme/loaft/single-blog.html]
[colorlib.com/preview/theme/loaft/contact.html]
[colorlib.com/preview/theme/loaft/img/logo.png]
[colorlib.com/preview/theme/loaft/img/banner/banner-img1.jpg]
[colorlib.com/preview/theme/loaft/img/next.png]
[colorlib.com/preview/theme/loaft/img/project/img1.jpg]
[colorlib.com/preview/theme/loaft/img/cnext.png]
[colorlib.com/preview/theme/loaft/img/brands/1.png]
[colorlib.com/preview/theme/loaft/img/brands/2.png]
[colorlib.com/preview/theme/loaft/img/brands/3.png]
[colorlib.com/preview/theme/loaft/img/project/img2.jpg]
[colorlib.com/preview/theme/loaft/img/project/img3.jpg]
[colorlib.com/preview/theme/loaft/img/project/service1.jpg]
[colorlib.com/preview/theme/loaft/img/project/gallery1.jpg]
[colorlib.com/preview/theme/loaft/img/project/gallery3.jpg]
[colorlib.com/preview/theme/loaft/img/project/gallery2.jpg]
[colorlib.com/preview/theme/loaft/img/project/gallery4.jpg]
[colorlib.com/preview/theme/loaft/img/project/count1.png]
[colorlib.com/preview/theme/loaft/img/project/count2.png]
[colorlib.com/preview/theme/loaft/img/project/count3.png]
[colorlib.com/preview/theme/loaft/img/quote.png]
[colorlib.com/preview/theme/loaft/img/testi-author.png]
[colorlib.com/preview/theme/loaft/img/testi-img.jpg]
[colorlib.com/preview/theme/loaft/img/blog/h-blog1.jpg]
[colorlib.com/preview/theme/loaft/img/blog/h-blog3.jpg]
[colorlib.com/preview/theme/loaft/img/blog/h-blog2.jpg]
[colorlib.com/preview/theme/loaft/js/jquery-3.2.1.min.js]
[colorlib.com/preview/theme/loaft/js/popper.js]
[colorlib.com/preview/theme/loaft/js/bootstrap.min.js]
[colorlib.com/preview/theme/loaft/js/stellar.js]
[colorlib.com/preview/theme/loaft/vendors/nice-select/js/jquery.nice-select.min.js]
[colorlib.com/preview/theme/loaft/vendors/isotope/imagesloaded.pkgd.min.js]
[colorlib.com/preview/theme/loaft/vendors/isotope/isotope-min.js]
[colorlib.com/preview/theme/loaft/vendors/owl-carousel/owl.carousel.min.js]
[colorlib.com/preview/theme/loaft/js/jquery.ajaxchimp.min.js]
[colorlib.com/preview/theme/loaft/vendors/counter-up/jquery.waypoints.min.js]
[colorlib.com/preview/theme/loaft/vendors/counter-up/jquery.counterup.js]
[colorlib.com/preview/theme/loaft/js/mail-script.js]
[colorlib.com/preview/theme/loaft/vendors/popup/jquery.magnific-popup.min.js]
[colorlib.com/preview/theme/loaft/vendors/swiper/js/swiper.min.js]
[colorlib.com/preview/theme/loaft/vendors/scroll/jquery.mCustomScrollbar.js]
[colorlib.com/preview/theme/loaft/js/theme.js]
[colorlib.com/preview/theme/loaft/index.html]
[colorlib.com/preview/theme/loaft/css/bootstrap.css]
[ajax.cloudflare.com/cdn-cgi/scripts/7089c43e/cloudflare-static/rocket-loader.min.js]
[colorlib.com/preview/theme/loaft/vendors/linericon/fonts/Linearicons-Free54e9.eot]
[colorlib.com/preview/theme/loaft/vendors/linericon/fonts/Linearicons-Freed41d.eot]
[colorlib.com/preview/theme/loaft/vendors/linericon/fonts/Linearicons-Free54e9.woff2]
[colorlib.com/preview/theme/loaft/vendors/linericon/fonts/Linearicons-Free54e9.woff]
[colorlib.com/preview/theme/loaft/vendors/linericon/fonts/Linearicons-Free54e9.ttf]
[colorlib.com/preview/theme/loaft/vendors/linericon/style.css]
[colorlib.com/preview/theme/loaft/vendors/linericon/fonts/Linearicons-Free54e9.svg]
[colorlib.com/preview/theme/loaft/fonts/fontawesome-webfont3295.eot]
[colorlib.com/preview/theme/loaft/fonts/fontawesome-webfontd41d.eot]
[colorlib.com/preview/theme/loaft/fonts/fontawesome-webfont3295.woff2]
[colorlib.com/preview/theme/loaft/fonts/fontawesome-webfont3295.woff]
[colorlib.com/preview/theme/loaft/fonts/fontawesome-webfont3295.ttf]
[colorlib.com/preview/theme/loaft/css/font-awesome.min.css]
[colorlib.com/preview/theme/loaft/fonts/fontawesome-webfont3295.svg]
[colorlib.com/preview/theme/loaft/vendors/owl-carousel/owl.video.play.png]
[colorlib.com/preview/theme/loaft/vendors/owl-carousel/owl.carousel.min.css]
[colorlib.com/preview/theme/loaft/vendors/nice-select/css/nice-select.css]
[colorlib.com/preview/theme/loaft/vendors/animate-css/animate.css]
[colorlib.com/preview/theme/loaft/vendors/popup/magnific-popup.css]
[colorlib.com/preview/theme/loaft/vendors/swiper/css/swiper.min.css]
[colorlib.com/preview/theme/loaft/vendors/scroll/mCSB_buttons.png]
[colorlib.com/preview/theme/loaft/vendors/scroll/jquery.mCustomScrollbar.css]
[colorlib.com/preview/theme/loaft/img/elements/primary-check.png]
[colorlib.com/preview/theme/loaft/img/elements/success-check.png]
[colorlib.com/preview/theme/loaft/img/elements/disabled-check.png]
[colorlib.com/preview/theme/loaft/img/elements/primary-radio.png]
[colorlib.com/preview/theme/loaft/img/elements/success-radio.png]
[colorlib.com/preview/theme/loaft/img/elements/disabled-radio.png]
[colorlib.com/preview/theme/loaft/css/style.css]
[colorlib.com/preview/theme/loaft/img/banner/common-banner.jpg]
[colorlib.com/preview/theme/loaft/about-us.html]
[colorlib.com/preview/theme/loaft/project.html]
[colorlib.com/preview/theme/loaft/project-details.html]
[colorlib.com/preview/theme/loaft/service.html]
[colorlib.com/preview/theme/loaft/img/elements/d.jpg]
[colorlib.com/preview/theme/loaft/img/elements/f1.jpg]
[colorlib.com/preview/theme/loaft/img/elements/f2.jpg]
[colorlib.com/preview/theme/loaft/img/elements/f3.jpg]
[colorlib.com/preview/theme/loaft/img/elements/f4.jpg]
[colorlib.com/preview/theme/loaft/img/elements/f5.jpg]
[colorlib.com/preview/theme/loaft/img/elements/f6.jpg]
[colorlib.com/preview/theme/loaft/img/elements/f7.jpg]
[colorlib.com/preview/theme/loaft/img/elements/f8.jpg]
[colorlib.com/preview/theme/loaft/img/elements/g1.jpg]
[colorlib.com/preview/theme/loaft/img/elements/g2.jpg]
[colorlib.com/preview/theme/loaft/img/elements/g3.jpg]
[colorlib.com/preview/theme/loaft/img/elements/g4.jpg]
[colorlib.com/preview/theme/loaft/img/elements/g5.jpg]
[colorlib.com/preview/theme/loaft/img/elements/g6.jpg]
[colorlib.com/preview/theme/loaft/img/elements/g7.jpg]
[colorlib.com/preview/theme/loaft/img/elements/g8.jpg]
[colorlib.com/preview/theme/loaft/elements.html]
[colorlib.com/preview/theme/loaft/img/blog/main-blog/m-blog-1.jpg]
[colorlib.com/preview/theme/loaft/img/blog/main-blog/m-blog-2.jpg]
[colorlib.com/preview/theme/loaft/img/blog/main-blog/m-blog-3.jpg]
[colorlib.com/preview/theme/loaft/img/blog/main-blog/m-blog-4.jpg]
[colorlib.com/preview/theme/loaft/img/blog/main-blog/m-blog-5.jpg]
[colorlib.com/preview/theme/loaft/img/blog/author.png]
[colorlib.com/preview/theme/loaft/img/blog/popular-post/post1.jpg]
[colorlib.com/preview/theme/loaft/img/blog/popular-post/post2.jpg]
[colorlib.com/preview/theme/loaft/img/blog/popular-post/post3.jpg]
[colorlib.com/preview/theme/loaft/img/blog/popular-post/post4.jpg]
[colorlib.com/preview/theme/loaft/img/blog/add.jpg]
[colorlib.com/preview/theme/loaft/blog.html]
[colorlib.com/preview/theme/loaft/img/blog/feature-img1.jpg]
[colorlib.com/preview/theme/loaft/img/blog/post-img1.jpg]
[colorlib.com/preview/theme/loaft/img/blog/post-img2.jpg]
[colorlib.com/preview/theme/loaft/img/blog/prev.jpg]
[colorlib.com/preview/theme/loaft/img/blog/next.jpg]
[colorlib.com/preview/theme/loaft/img/blog/c1.jpg]
[colorlib.com/preview/theme/loaft/img/blog/c2.jpg]
[colorlib.com/preview/theme/loaft/img/blog/c3.jpg]
[colorlib.com/preview/theme/loaft/img/blog/c4.jpg]
[colorlib.com/preview/theme/loaft/img/blog/c5.jpg]
[colorlib.com/preview/theme/loaft/blog-details.html]
[colorlib.com/preview/theme/loaft/single-blog.html]
[colorlib.com/cdn-cgi/scripts/5c5dd728/cloudflare-static/email-decode.min.js]
[colorlib.com/preview/theme/loaft/js/jquery.form.js]
[colorlib.com/preview/theme/loaft/js/jquery.validate.min.js]
[colorlib.com/preview/theme/loaft/js/contact.js]
[colorlib.com/preview/theme/loaft/contact.html]
[colorlib.com/preview/theme/loaft/vendors/linericon/fonts/Linearicons-Free54e9.svg]
[colorlib.com/preview/theme/loaft/fonts/fontawesome-webfont3295.svg]
[colorlib.com/preview/theme/loaft/vendors/owl-carousel/owl.video.play.html]
[colorlib.com/preview/theme/loaft/vendors/scroll/mCSB_buttons.html]
[colorlib.com/preview/theme/loaft/blog-details.html]
[colorlib.com/preview/theme/loaft/js/gmaps.min.js]
